Session started at 20250908-081124
ROOT=/home/roro/work/projects/Epitech_projects/fullLLM_gpt
[REPORT] Generated reports/Semester-0/DOCUMENTS.md
[REPORT] Generated reports/Semester-1/B-BOO-101.md
[REPORT] Generated reports/Semester-1/B-CPE-100.md
[REPORT] Generated reports/Semester-1/B-CPE-101.md
[REPORT] Generated reports/Semester-1/B-CPE-110.md
[REPORT] Generated reports/Semester-1/B-MUL-100.md
[REPORT] Generated reports/Semester-1/B-NSA-100.md
[REPORT] Generated reports/Semester-1/B-PSU-100.md
[REPORT] Generated reports/Semester-2/B-AIA-200.md
[REPORT] Generated reports/Semester-2/B-CPE-200.md
[REPORT] Generated reports/Semester-2/B-CPE-210.md
[REPORT] Generated reports/Semester-2/B-DOP-200.md
[REPORT] Generated reports/Semester-2/B-MUL-200.md
[REPORT] Generated reports/Semester-2/B-PSU-200.md
[REPORT] Generated reports/Semester-2/B-SEC-200.md
[REPORT] Generated reports/Semester-2/B-SYN-200.md
[REPORT] Generated reports/Semester-2/B-WEB-200.md
[REPORT] Generated reports/Semester-3/B-PDG-300.md
[REPORT] Generated reports/Semester-3/B-SHL-300.md
[REPORT] Generated reports/Semester-4/B-ASM-400.md
[REPORT] Generated reports/Semester-4/B-CNA-400.md
[REPORT] Generated reports/Semester-4/B-CNA-410.md
[REPORT] Generated reports/Semester-4/B-CPP-400.md
[REPORT] Generated reports/Semester-4/B-DOP-400.md
[REPORT] Generated reports/Semester-4/B-FUN-400.md
[REPORT] Generated reports/Semester-4/B-NWP-400.md
[REPORT] Generated reports/Semester-4/B-OOP-400.md
[REPORT] Generated reports/Semester-4/B-PSU-400.md
[REPORT] Generated reports/Semester-4/B-PSU-402.md
[REPORT] Generated reports/Semester-4/B-SEC-400.md
[REPORT] Generated reports/Semester-4/B-YEP-400.md
[REPORT] Generated reports/Semester-5/B-AIA-500.md
[REPORT] Generated reports/Semester-5/B-CPP-500.md
[REPORT] Generated reports/Semester-5/B-DEV-500.md
[REPORT] Generated reports/Semester-5/B-DOP-500.md
[REPORT] Generated reports/Semester-5/B-FUN-500.md
Session complete.
