Session started at 20250908-081210
ROOT=/home/roro/work/projects/Epitech_projects/fullLLM_gpt
[REPORT] Generated reports/Semester-0/DOCUMENTS.md
[REPORT] Generated reports/Semester-1/B-BOO-101.md
[REPORT] Generated reports/Semester-1/B-CPE-100.md
[REPORT] Generated reports/Semester-1/B-CPE-101.md
[REPORT] Generated reports/Semester-1/B-CPE-110.md
[REPORT] Generated reports/Semester-1/B-MUL-100.md
[REPORT] Generated reports/Semester-1/B-NSA-100.md
[REPORT] Generated reports/Semester-1/B-PSU-100.md
[REPORT] Generated reports/Semester-2/B-AIA-200.md
[REPORT] Generated reports/Semester-2/B-CPE-200.md
[REPORT] Generated reports/Semester-2/B-CPE-210.md
[REPORT] Generated reports/Semester-2/B-DOP-200.md
[REPORT] Generated reports/Semester-2/B-MUL-200.md
[REPORT] Generated reports/Semester-2/B-PSU-200.md
[REPORT] Generated reports/Semester-2/B-SEC-200.md
[REPORT] Generated reports/Semester-2/B-SYN-200.md
[REPORT] Generated reports/Semester-2/B-WEB-200.md
[REPORT] Generated reports/Semester-3/B-PDG-300.md
[REPORT] Generated reports/Semester-3/B-SHL-300.md
[REPORT] Generated reports/Semester-4/B-ASM-400.md
[REPORT] Generated reports/Semester-4/B-CNA-400.md
[REPORT] Generated reports/Semester-4/B-CNA-410.md
[REPORT] Generated reports/Semester-4/B-CPP-400.md
[REPORT] Generated reports/Semester-4/B-DOP-400.md
[REPORT] Generated reports/Semester-4/B-FUN-400.md
[REPORT] Generated reports/Semester-4/B-NWP-400.md
[REPORT] Generated reports/Semester-4/B-OOP-400.md
[REPORT] Generated reports/Semester-4/B-PSU-400.md
[REPORT] Generated reports/Semester-4/B-PSU-402.md
[REPORT] Generated reports/Semester-4/B-SEC-400.md
[REPORT] Generated reports/Semester-4/B-YEP-400.md
[REPORT] Generated reports/Semester-5/B-AIA-500.md
[REPORT] Generated reports/Semester-5/B-CPP-500.md
[REPORT] Generated reports/Semester-5/B-DEV-500.md
[REPORT] Generated reports/Semester-5/B-DOP-500.md
[REPORT] Generated reports/Semester-5/B-FUN-500.md
Session complete.
[IMPL] Implemented Star (B-CPE-100/Star): Makefile, C sources, tests
[TEST] make test output:
make: Entering directory '/home/roro/work/projects/Epitech_projects/fullLLM_gpt/Semester-1/B-CPE-100/Star'
[OK] n=1
[OK] n=2
[OK] n=4
[OK] n=5
[OK] n=0 error
OK=5 KO=0
make: Leaving directory '/home/roro/work/projects/Epitech_projects/fullLLM_gpt/Semester-1/B-CPE-100/Star'
[IMPL] Implemented Firtree (B-CPE-100/Firtree): Makefile, C sources, tests vs oracle
[TEST] make test output (Firtree):
make: Entering directory '/home/roro/work/projects/Epitech_projects/fullLLM_gpt/Semester-1/B-CPE-100/Firtree'
[OK] n=1
[OK] n=2
[OK] n=3
[OK] n=4
[OK] n=5
[OK] n=0 error
OK=6 KO=0
make: Leaving directory '/home/roro/work/projects/Epitech_projects/fullLLM_gpt/Semester-1/B-CPE-100/Firtree'
[IMPL] Implemented Count_island (B-CPE-100/Count_island): algorithm + Makefile + tests
[TEST] make test output (Count_island):
make: Entering directory '/home/roro/work/projects/Epitech_projects/fullLLM_gpt/Semester-1/B-CPE-100/Count_island'
[OK] program exit 0
[OK] no X
[OK] has digits
OK=3 KO=0
make: Leaving directory '/home/roro/work/projects/Epitech_projects/fullLLM_gpt/Semester-1/B-CPE-100/Count_island'
[IMPL] Implemented MatchNmatch (match/nmatch) with oracle-based tests
[TEST] make test output (MatchNmatch):
make: Entering directory '/home/roro/work/projects/Epitech_projects/fullLLM_gpt/Semester-1/B-CPE-100/MatchNmatch'
[OK] match 'abc' 'abc'
[OK] nmatch 'abc' 'abc'
[OK] match 'abc' 'a*c'
[OK] nmatch 'abc' 'a*c'
[OK] match 'abc' '*'
[OK] nmatch 'abc' '*'
[OK] match 'abcdef' 'a*f'
[OK] nmatch 'abcdef' 'a*f'
[OK] match 'abcdef' 'a*d*f'
[OK] nmatch 'abcdef' 'a*d*f'
[OK] match 'aaaa' 'a*'
[OK] nmatch 'aaaa' 'a*'
[OK] match 'aaaa' '*a'
[OK] nmatch 'aaaa' '*a'
[OK] match 'abacabaaa' 'a*a*a'
[OK] nmatch 'abacabaaa' 'a*a*a'
[OK] match 'abc' 'ab*d'
[OK] nmatch 'abc' 'ab*d'
OK=18 KO=0
make: Leaving directory '/home/roro/work/projects/Epitech_projects/fullLLM_gpt/Semester-1/B-CPE-100/MatchNmatch'
